#-----------------------------------------------------------
# Vivado v2022.1 (64-bit)
# SW Build 3526262 on Mon Apr 18 15:48:16 MDT 2022
# IP Build 3524634 on Mon Apr 18 20:55:01 MDT 2022
# Start of session at: Fri Nov 18 22:21:45 2022
# Process ID: 896
# Current directory: C:/Users/UPM/Downloads/Trabajo-SED-2-55478-Convertir_Integer/Trabajo-SED-2-55478-Convertir_Integer/Trabajo.runs/synth_1
# Command line: vivado.exe -log BOTON2NATURAL.vds -product Vivado -mode batch -messageDb vivado.pb -notrace -source BOTON2NATURAL.tcl
# Log file: C:/Users/UPM/Downloads/Trabajo-SED-2-55478-Convertir_Integer/Trabajo-SED-2-55478-Convertir_Integer/Trabajo.runs/synth_1/BOTON2NATURAL.vds
# Journal file: C:/Users/UPM/Downloads/Trabajo-SED-2-55478-Convertir_Integer/Trabajo-SED-2-55478-Convertir_Integer/Trabajo.runs/synth_1\vivado.jou
# Running On: upm00528, OS: Windows, CPU Frequency: 2394 MHz, CPU Physical cores: 6, Host memory: 6404 MB
#-----------------------------------------------------------
source BOTON2NATURAL.tcl -notrace
